
> frontend@0.1.0 build
> next build

node.exe : ΓÜá Warning: Next.js inferred your workspace root, but it may not be 
correct.
At line:1 char:1
+ & "C:\Program Files\nodejs/node.exe" "C:\Program Files\nodejs/node_mo ...
+ ~~~~~~~~~~~~~~~~~~~~~~~~~~~~~~~~~~~~~~~~~~~~~~~~~~~~~~~~~~~~~~~~~~~~~
    + CategoryInfo          : NotSpecified: (ΓÜá Warning: Ne...not be correct.:String 
   ) [], RemoteException
    + FullyQualifiedErrorId : NativeCommandError
 
 We detected multiple lockfiles and selected the directory of 
C:\Users\biswa\OneDrive\Documents\github\NorthBengalHomestays\package-lock.json as 
the root directory.
 To silence this warning, set `turbopack.root` in your Next.js config, or consider 
removing one of the lockfiles if it's not needed.
   See https://nextjs.org/docs/app/api-reference/config/next-config-js/turbopack#root-
directory for more information.
 Detected additional lockfiles: 
   * C:\Users\biswa\OneDrive\Documents\github\NorthBengalHomestays\frontend\package-lo
ck.json

Γû▓ Next.js 16.1.6 (Turbopack)

  Creating an optimized production build ...
Γ£ô Compiled successfully in 7.3s
  Running TypeScript ...
  Collecting page data using 11 workers ...
  Generating static pages using 11 workers (0/13) ...
  Generating static pages using 11 workers (3/13) 
  Generating static pages using 11 workers (6/13) 
  Generating static pages using 11 workers (9/13) 
Γ£ô Generating static pages using 11 workers (13/13) in 688.5ms
  Finalizing page optimization ...

Route (app)
Γöî Γùï /
Γö£ Γùï /_not-found
Γö£ Γùï /admin
Γö£ Γùï /bookings
Γö£ Γùï /community
Γö£ ╞Æ /homestays/[id]
Γö£ Γùï /host/add-homestay
Γö£ Γùï /host/dashboard
Γö£ Γùï /login
Γö£ Γùï /profile
Γö£ Γùï /register
Γöö Γùï /search


Γùï  (Static)   prerendered as static content
╞Æ  (Dynamic)  server-rendered on demand

