
> frontend@0.1.0 build
> next build

node.exe : ΓÜá Warning: Next.js inferred your workspace root, but it may not be 
correct.
At line:1 char:1
+ & "C:\Program Files\nodejs/node.exe" "C:\Program Files\nodejs/node_mo ...
+ ~~~~~~~~~~~~~~~~~~~~~~~~~~~~~~~~~~~~~~~~~~~~~~~~~~~~~~~~~~~~~~~~~~~~~
    + CategoryInfo          : NotSpecified: (ΓÜá Warning: Ne...not be correct.:String 
   ) [], RemoteException
    + FullyQualifiedErrorId : NativeCommandError
 
 We detected multiple lockfiles and selected the directory of 
C:\Users\biswa\OneDrive\Documents\github\NorthBengalHomestays\package-lock.json as 
the root directory.
 To silence this warning, set `turbopack.root` in your Next.js config, or consider 
removing one of the lockfiles if it's not needed.
   See https://nextjs.org/docs/app/api-reference/config/next-config-js/turbopack#root-
directory for more information.
 Detected additional lockfiles: 
   * C:\Users\biswa\OneDrive\Documents\github\NorthBengalHomestays\frontend\package-lo
ck.json

Γû▓ Next.js 16.1.6 (Turbopack)

  Creating an optimized production build ...
Γ£ô Compiled successfully in 6.6s
  Running TypeScript ...
Failed to compile.

./app/community/page.tsx:41:26
Type error: Argument of type 'Set<unknown>' is not assignable to parameter of type 
'SetStateAction<Set<string>>'.
  Type 'Set<unknown>' is not assignable to type 'Set<string>'.
    Type 'unknown' is not assignable to type 'string'.

[0m [90m 39 |[39m             [36mconst[39m res [33m=[39m [36mawait[39m 
api[33m.[39m[36mget[39m([32m'/posts/my-posts'[39m)[33m;[39m
 [90m 40 |[39m             [36mconst[39m myIds [33m=[39m [36mnew[39m 
[33mSet[39m(res[33m.[39mdata[33m.[39mmap((p[33m:[39m [33mPost[39m) 
[33m=>[39m p[33m.[39mid))[33m;[39m
[31m[1m>[22m[39m[90m 41 |[39m             setMyPostIds(myIds)[33m;[39m
 [90m    |[39m                          [31m[1m^[22m[39m
 [90m 42 |[39m         } [36mcatch[39m (e) { console[33m.[39merror([32m"Failed 
to fetch my posts"[39m[33m,[39m e)[33m;[39m }
 [90m 43 |[39m     }[33m;[39m
 [90m 44 |[39m[0m
Next.js build worker exited with code: 1 and signal: null
