
Running 3 tests using 3 workers

  Γ£ÿ  1 [chromium] ΓÇ║ tests\e2e\dashboard-repair.spec.ts:20:5 ΓÇ║ Navigation: Admin sees Admin Console, Host sees My Listings (11.5s)
  Γ£ÿ  3 [chromium] ΓÇ║ tests\e2e\dashboard-repair.spec.ts:42:5 ΓÇ║ Admin Dashboard: All Listings tab shows all homestays (11.4s)
  Γ£ÿ  2 [chromium] ΓÇ║ tests\e2e\dashboard-repair.spec.ts:71:5 ΓÇ║ Z-Index: Delete confirmation modal is visible and clickable (11.4s)


  1) [chromium] ΓÇ║ tests\e2e\dashboard-repair.spec.ts:20:5 ΓÇ║ Navigation: Admin sees Admin Console, Host sees My Listings 

    TimeoutError: page.waitForURL: Timeout 10000ms exceeded.
    =========================== logs ===========================
    waiting for navigation until "load"
    ============================================================

      12 |     await page.click('button[type="submit"]');
      13 |     // Wait for redirect (home or dashboard)
    > 14 |     await page.waitForURL(url => !url.toString().includes('/login'), { timeout: 10000 });
         |                ^
      15 | }
      16 |
      17 | /**
        at loginAs (C:\Users\biswa\OneDrive\Documents\github\NorthBengalHomestays\frontend\tests\e2e\dashboard-repair.spec.ts:14:16)
        at C:\Users\biswa\OneDrive\Documents\github\NorthBengalHomestays\frontend\tests\e2e\dashboard-repair.spec.ts:22:5

    Error Context: test-results\e2e-dashboard-repair-Navig-83ca5-nsole-Host-sees-My-Listings-chromium\error-context.md

    attachment #2: trace (application/zip) ΓöÇΓöÇΓöÇΓöÇΓöÇΓöÇΓöÇΓöÇΓöÇΓöÇΓöÇΓöÇΓöÇΓöÇΓöÇΓöÇΓöÇΓöÇΓöÇΓöÇΓöÇΓöÇΓöÇΓöÇΓöÇΓöÇΓöÇΓöÇΓöÇΓöÇΓöÇΓöÇΓöÇΓöÇΓöÇΓöÇΓöÇΓöÇΓöÇΓöÇΓöÇΓöÇΓöÇΓöÇΓöÇΓöÇΓöÇΓöÇΓöÇΓöÇΓöÇΓöÇΓöÇΓöÇΓöÇΓöÇΓöÇ
    test-results\e2e-dashboard-repair-Navig-83ca5-nsole-Host-sees-My-Listings-chromium\trace.zip
    Usage:

        npx playwright show-trace test-results\e2e-dashboard-repair-Navig-83ca5-nsole-Host-sees-My-Listings-chromium\trace.zip

    ΓöÇΓöÇΓöÇΓöÇΓöÇΓöÇΓöÇΓöÇΓöÇΓöÇΓöÇΓöÇΓöÇΓöÇΓöÇΓöÇΓöÇΓöÇΓöÇΓöÇΓöÇΓöÇΓöÇΓöÇΓöÇΓöÇΓöÇΓöÇΓöÇΓöÇΓöÇΓöÇΓöÇΓöÇΓöÇΓöÇΓöÇΓöÇΓöÇΓöÇΓöÇΓöÇΓöÇΓöÇΓöÇΓöÇΓöÇΓöÇΓöÇΓöÇΓöÇΓöÇΓöÇΓöÇΓöÇΓöÇΓöÇΓöÇΓöÇΓöÇΓöÇΓöÇΓöÇΓöÇΓöÇΓöÇΓöÇΓöÇΓöÇΓöÇΓöÇΓöÇΓöÇΓöÇΓöÇΓöÇΓöÇΓöÇΓöÇΓöÇΓöÇΓöÇΓöÇΓöÇΓöÇΓöÇΓöÇΓöÇΓöÇΓöÇΓöÇΓöÇΓöÇΓöÇΓöÇΓöÇ

  2) [chromium] ΓÇ║ tests\e2e\dashboard-repair.spec.ts:42:5 ΓÇ║ Admin Dashboard: All Listings tab shows all homestays 

    TimeoutError: page.waitForURL: Timeout 10000ms exceeded.
    =========================== logs ===========================
    waiting for navigation until "load"
    ============================================================

      12 |     await page.click('button[type="submit"]');
      13 |     // Wait for redirect (home or dashboard)
    > 14 |     await page.waitForURL(url => !url.toString().includes('/login'), { timeout: 10000 });
         |                ^
      15 | }
      16 |
      17 | /**
        at loginAs (C:\Users\biswa\OneDrive\Documents\github\NorthBengalHomestays\frontend\tests\e2e\dashboard-repair.spec.ts:14:16)
        at C:\Users\biswa\OneDrive\Documents\github\NorthBengalHomestays\frontend\tests\e2e\dashboard-repair.spec.ts:43:5

    Error Context: test-results\e2e-dashboard-repair-Admin-6446d-ngs-tab-shows-all-homestays-chromium\error-context.md

    attachment #2: trace (application/zip) ΓöÇΓöÇΓöÇΓöÇΓöÇΓöÇΓöÇΓöÇΓöÇΓöÇΓöÇΓöÇΓöÇΓöÇΓöÇΓöÇΓöÇΓöÇΓöÇΓöÇΓöÇΓöÇΓöÇΓöÇΓöÇΓöÇΓöÇΓöÇΓöÇΓöÇΓöÇΓöÇΓöÇΓöÇΓöÇΓöÇΓöÇΓöÇΓöÇΓöÇΓöÇΓöÇΓöÇΓöÇΓöÇΓöÇΓöÇΓöÇΓöÇΓöÇΓöÇΓöÇΓöÇΓöÇΓöÇΓöÇΓöÇ
    test-results\e2e-dashboard-repair-Admin-6446d-ngs-tab-shows-all-homestays-chromium\trace.zip
    Usage:

        npx playwright show-trace test-results\e2e-dashboard-repair-Admin-6446d-ngs-tab-shows-all-homestays-chromium\trace.zip

    ΓöÇΓöÇΓöÇΓöÇΓöÇΓöÇΓöÇΓöÇΓöÇΓöÇΓöÇΓöÇΓöÇΓöÇΓöÇΓöÇΓöÇΓöÇΓöÇΓöÇΓöÇΓöÇΓöÇΓöÇΓöÇΓöÇΓöÇΓöÇΓöÇΓöÇΓöÇΓöÇΓöÇΓöÇΓöÇΓöÇΓöÇΓöÇΓöÇΓöÇΓöÇΓöÇΓöÇΓöÇΓöÇΓöÇΓöÇΓöÇΓöÇΓöÇΓöÇΓöÇΓöÇΓöÇΓöÇΓöÇΓöÇΓöÇΓöÇΓöÇΓöÇΓöÇΓöÇΓöÇΓöÇΓöÇΓöÇΓöÇΓöÇΓöÇΓöÇΓöÇΓöÇΓöÇΓöÇΓöÇΓöÇΓöÇΓöÇΓöÇΓöÇΓöÇΓöÇΓöÇΓöÇΓöÇΓöÇΓöÇΓöÇΓöÇΓöÇΓöÇΓöÇΓöÇΓöÇΓöÇ

  3) [chromium] ΓÇ║ tests\e2e\dashboard-repair.spec.ts:71:5 ΓÇ║ Z-Index: Delete confirmation modal is visible and clickable 

    TimeoutError: page.waitForURL: Timeout 10000ms exceeded.
    =========================== logs ===========================
    waiting for navigation until "load"
    ============================================================

      12 |     await page.click('button[type="submit"]');
      13 |     // Wait for redirect (home or dashboard)
    > 14 |     await page.waitForURL(url => !url.toString().includes('/login'), { timeout: 10000 });
         |                ^
      15 | }
      16 |
      17 | /**
        at loginAs (C:\Users\biswa\OneDrive\Documents\github\NorthBengalHomestays\frontend\tests\e2e\dashboard-repair.spec.ts:14:16)
        at C:\Users\biswa\OneDrive\Documents\github\NorthBengalHomestays\frontend\tests\e2e\dashboard-repair.spec.ts:72:5

    Error Context: test-results\e2e-dashboard-repair-Z-Ind-d398c-al-is-visible-and-clickable-chromium\error-context.md

    attachment #2: trace (application/zip) ΓöÇΓöÇΓöÇΓöÇΓöÇΓöÇΓöÇΓöÇΓöÇΓöÇΓöÇΓöÇΓöÇΓöÇΓöÇΓöÇΓöÇΓöÇΓöÇΓöÇΓöÇΓöÇΓöÇΓöÇΓöÇΓöÇΓöÇΓöÇΓöÇΓöÇΓöÇΓöÇΓöÇΓöÇΓöÇΓöÇΓöÇΓöÇΓöÇΓöÇΓöÇΓöÇΓöÇΓöÇΓöÇΓöÇΓöÇΓöÇΓöÇΓöÇΓöÇΓöÇΓöÇΓöÇΓöÇΓöÇΓöÇ
    test-results\e2e-dashboard-repair-Z-Ind-d398c-al-is-visible-and-clickable-chromium\trace.zip
    Usage:

        npx playwright show-trace test-results\e2e-dashboard-repair-Z-Ind-d398c-al-is-visible-and-clickable-chromium\trace.zip

    ΓöÇΓöÇΓöÇΓöÇΓöÇΓöÇΓöÇΓöÇΓöÇΓöÇΓöÇΓöÇΓöÇΓöÇΓöÇΓöÇΓöÇΓöÇΓöÇΓöÇΓöÇΓöÇΓöÇΓöÇΓöÇΓöÇΓöÇΓöÇΓöÇΓöÇΓöÇΓöÇΓöÇΓöÇΓöÇΓöÇΓöÇΓöÇΓöÇΓöÇΓöÇΓöÇΓöÇΓöÇΓöÇΓöÇΓöÇΓöÇΓöÇΓöÇΓöÇΓöÇΓöÇΓöÇΓöÇΓöÇΓöÇΓöÇΓöÇΓöÇΓöÇΓöÇΓöÇΓöÇΓöÇΓöÇΓöÇΓöÇΓöÇΓöÇΓöÇΓöÇΓöÇΓöÇΓöÇΓöÇΓöÇΓöÇΓöÇΓöÇΓöÇΓöÇΓöÇΓöÇΓöÇΓöÇΓöÇΓöÇΓöÇΓöÇΓöÇΓöÇΓöÇΓöÇΓöÇΓöÇ

  3 failed
    [chromium] ΓÇ║ tests\e2e\dashboard-repair.spec.ts:20:5 ΓÇ║ Navigation: Admin sees Admin Console, Host sees My Listings 
    [chromium] ΓÇ║ tests\e2e\dashboard-repair.spec.ts:42:5 ΓÇ║ Admin Dashboard: All Listings tab shows all homestays 
    [chromium] ΓÇ║ tests\e2e\dashboard-repair.spec.ts:71:5 ΓÇ║ Z-Index: Delete confirmation modal is visible and clickable 
